0,1,2,3,4,5,6,7,8,9,10,11,12,13,14
,285.83,285.834649953,285.847789539,285.860929124,285.874068709,285.887208294,285.90034788,285.913487465,285.92662705,285.939766635,285.952906221,285.966045806,285.979185391,285.992324977
285.874068709,285.887208294,285.90034788,285.913487465,285.92662705,285.939766635,285.952906221,285.966045806,285.979185391,285.992324977,286.005464562,286.018604147,286.031743732,286.044883318,286.058022903
